Lab 9 Docker Build Log
======================

Working directory:
C:\Users\PC\Downloads\Updated capstone lab project\AI-407_Artificial-Intelligence-Capstone-Lab-Project-main

Attempted command:
docker compose build

Observed output in this environment:
docker : The term 'docker' is not recognized as the name of a cmdlet, function, script file, or operable program.
Check the spelling of the name, or if a path was included, verify that the path is correct and try again.

Attempted command:
docker compose up -d

Observed output in this environment:
docker : The term 'docker' is not recognized as the name of a cmdlet, function, script file, or operable program.
Check the spelling of the name, or if a path was included, verify that the path is correct and try again.

Attempted command:
docker ps

Observed output in this environment:
docker : The term 'docker' is not recognized as the name of a cmdlet, function, script file, or operable program.
Check the spelling of the name, or if a path was included, verify that the path is correct and try again.

Notes:
- The Dockerfile, .dockerignore, and docker-compose.yaml were created successfully.
- Python-side verification passed for the Chroma client switch in ingest_data.py.
- To generate a real build log on a Docker-enabled machine, rerun:
  1. docker compose build
  2. docker compose up -d
  3. docker ps
